<html>
<body>
<pre>
<h1>礦ision Build Log</h1>
<h2>Tool Versions:</h2>
IDE-Version: μVision V5.25.2.0
Copyright (C) 2018 ARM Ltd and ARM Germany GmbH. All rights reserved.
License Information: owo tempest, Buffalo, LIC=VGXG8-39DMR-KPMZY-IX3JX-LL22R-J2CX0
 
Tool Versions:
Toolchain:       MDK-ARM Plus  Version: 5.25.2.0
Toolchain Path:  D:\Keil525\ARM\ARMCC\Bin
C Compiler:      Armcc.exe V5.06 update 6 (build 750)
Assembler:       Armasm.exe V5.06 update 6 (build 750)
Linker/Locator:  ArmLink.exe V5.06 update 6 (build 750)
Library Manager: ArmAr.exe V5.06 update 6 (build 750)
Hex Converter:   FromElf.exe V5.06 update 6 (build 750)
CPU DLL:         SARMCM3.DLL V5.25.2.0
Dialog DLL:      DARMCM1.DLL V1.19.1.0
Target DLL:      CMSIS_AGDI.dll V1.29.10.0
Dialog DLL:      TARMCM1.DLL V1.14.0.0
 
<h2>Project:</h2>
E:\WORK\电气创新杯\Documents\MyProject\NXP.uvprojx
Project File Date:  03/30/2021

<h2>Output:</h2>
*** Using Compiler 'V5.06 update 6 (build 750)', folder: 'D:\Keil525\ARM\ARMCC\Bin'
Build target 'NXP'
compiling main.c...
compiling KEY.c...
compiling TaskHandler.c...
compiling isr.c...
compiling LCD.c...
compiling BUZ.c...
compiling board.c...
compiling ICM.c...
compiling LED.c...
compiling UART.c...
compiling myTIM.c...
compiling TIM_BASE.c...
compiling SPI.c...
linking...
Program Size: Code=5048 RO-data=212 RW-data=68 ZI-data=1748  
".\Objects\NXP.axf" - 0 Error(s), 0 Warning(s).

<h2>Software Packages used:</h2>

Package Vendor: MindMotion
                http://www.mindmotion.com.cn/Download/MDK_KEIL/MindMotion.MM32SPIN2x_DFP.1.1.4.pack
                MindMotion.MM32SPIN2x_DFP.1.1.4
                MindMotion MM32SPIN2x Series Device Support, Drivers and Examples

<h2>Collection of Component include folders:</h2>
  .\RTE\_NXP

<h2>Collection of Component Files used:</h2>
Build Time Elapsed:  00:00:02
</pre>
</body>
</html>
